15:44:27 [App     ] OpenMVS x64 v2.4.0
15:44:27 [App     ] Build date: Jan 20 2026, 00:13:37
15:44:27 [App     ] CPU: AMD Ryzen 5 7430U with Radeon Graphics          (12 cores)
15:44:27 [App     ] RAM: 7.41GB Physical Memory 128.00TB Virtual Memory
15:44:27 [App     ] OS: Windows 11+ x64
15:44:27 [App     ] Disk: 139.53GB (237.38GB) space
15:44:27 [App     ] SSE & AVX compatible CPU & OS detected
15:44:27 [App     ] Command line: DensifyPointCloud reconstruction/model.nvm -w reconstruction/ --resolution-level 1
15:44:27 [Scene   ] error: unable to open file 'reconstruction/reconstruction/model.nvm'
15:44:27 [App     ] MEMORYINFO: {
15:44:27 [App     ] 	PageFaultCount 2291
15:44:27 [App     ] 	PeakWorkingSetSize 8.64MB
15:44:27 [App     ] 	WorkingSetSize 8.64MB
15:44:27 [App     ] 	QuotaPeakPagedPoolUsage 106.46KB
15:44:27 [App     ] 	QuotaPagedPoolUsage 102.86KB
15:44:27 [App     ] 	QuotaPeakNonPagedPoolUsage 15.01KB
15:44:27 [App     ] 	QuotaNonPagedPoolUsage 14.88KB
15:44:27 [App     ] 	PagefileUsage 2.49MB
15:44:27 [App     ] 	PeakPagefileUsage 2.49MB
15:44:27 [App     ] } ENDINFO
